[19:04:28] Auto-Heal v2 initialized. Cyan
[19:04:28] Starting continuous monitoring loop... Cyan
[19:04:28] PostgreSQL is healthy. Green
[19:04:28] Redis is healthy. Green
[19:04:28] Backend is alive. Green
[19:04:43] PostgreSQL is healthy. Green
[19:04:43] Redis is healthy. Green
[19:04:43] Backend is alive. Green
[19:04:58] PostgreSQL is healthy. Green
[19:04:58] Redis is healthy. Green
[19:04:58] Backend is alive. Green
[19:05:14] PostgreSQL is healthy. Green
[19:05:14] Redis is healthy. Green
[19:05:14] Backend is alive. Green
[19:05:29] PostgreSQL is healthy. Green
[19:05:29] Redis is healthy. Green
[19:05:29] Backend is alive. Green
[19:05:44] PostgreSQL is healthy. Green
[19:05:44] Redis is healthy. Green
[19:05:44] Backend is alive. Green
[19:05:59] PostgreSQL is healthy. Green
[19:05:59] Redis is healthy. Green
[19:05:59] Backend is alive. Green
[19:06:14] PostgreSQL is healthy. Green
