**********************
Windows PowerShell transcript start
Start time: 20251101174957
Username: ALIENWARE\OMEN
RunAs User: ALIENWARE\OMEN
Configuration Name: 
Machine: ALIENWARE (Microsoft Windows NT 10.0.26200.0)
Host Application: C:\WINDOWS\System32\WindowsPowerShell\v1.0\powershell.exe -ExecutionPolicy Bypass -File .\auto-heal.ps1
Process ID: 4872
PSVersion: 5.1.26100.6899
PSEdition: Desktop
PSCompatibleVersions: 1.0, 2.0, 3.0, 4.0, 5.0, 5.1.26100.6899
BuildVersion: 10.0.26100.6899
CLRVersion: 4.0.30319.42000
WSManStackVersion: 3.0
PSRemotingProtocolVersion: 2.3
SerializationVersion: 1.1.0.1
**********************
[17:49:57] ðŸ©º Starting Auto-Heal Sequence...
[17:49:57] âœ… PostgreSQL running.
[17:50:00] ðŸš€ Starting Redis in WSL...

[17:50:10] âœ… Redis running at redis://
[17:50:31] ðŸ§© Creating database med_delivery...

[17:51:14] âœ… Database med_delivery created.
[17:51:14] ðŸš€ Starting NestJS backend...
[17:51:14] â³ Waiting for backend to respond on port 3001 ...
PS>TerminatingError(Invoke-WebRequest): "The operation has timed out."
PS>TerminatingError(Invoke-WebRequest): "The operation has timed out."
PS>TerminatingError(Invoke-WebRequest): "The operation has timed out."
PS>TerminatingError(Invoke-WebRequest): "{"message":"Cannot GET /docs","error":"Not Found","statusCode":404}"
PS>TerminatingError(Invoke-WebRequest): "{"message":"Cannot GET /docs","error":"Not Found","statusCode":404}"
PS>TerminatingError(Invoke-WebRequest): "{"message":"Cannot GET /docs","error":"Not Found","statusCode":404}"
PS>TerminatingError(Invoke-WebRequest): "{"message":"Cannot GET /docs","error":"Not Found","statusCode":404}"
PS>TerminatingError(Invoke-WebRequest): "{"message":"Cannot GET /docs","error":"Not Found","statusCode":404}"
PS>TerminatingError(Invoke-WebRequest): "{"message":"Cannot GET /docs","error":"Not Found","statusCode":404}"
PS>TerminatingError(Invoke-WebRequest): "{"message":"Cannot GET /docs","error":"Not Found","statusCode":404}"
PS>TerminatingError(Invoke-WebRequest): "{"message":"Cannot GET /docs","error":"Not Found","statusCode":404}"
PS>TerminatingError(Invoke-WebRequest): "{"message":"Cannot GET /docs","error":"Not Found","statusCode":404}"
PS>TerminatingError(Invoke-WebRequest): "{"message":"Cannot GET /docs","error":"Not Found","statusCode":404}"
PS>TerminatingError(Invoke-WebRequest): "{"message":"Cannot GET /docs","error":"Not Found","statusCode":404}"
PS>TerminatingError(Invoke-WebRequest): "{"message":"Cannot GET /docs","error":"Not Found","statusCode":404}"
PS>TerminatingError(Invoke-WebRequest): "{"message":"Cannot GET /docs","error":"Not Found","statusCode":404}"
PS>TerminatingError(Invoke-WebRequest): "{"message":"Cannot GET /docs","error":"Not Found","statusCode":404}"
PS>TerminatingError(Invoke-WebRequest): "{"message":"Cannot GET /docs","error":"Not Found","statusCode":404}"
PS>TerminatingError(Invoke-WebRequest): "{"message":"Cannot GET /docs","error":"Not Found","statusCode":404}"
PS>TerminatingError(Invoke-WebRequest): "{"message":"Cannot GET /docs","error":"Not Found","statusCode":404}"
PS>TerminatingError(Invoke-WebRequest): "{"message":"Cannot GET /docs","error":"Not Found","statusCode":404}"
PS>TerminatingError(Invoke-WebRequest): "{"message":"Cannot GET /docs","error":"Not Found","statusCode":404}"
PS>TerminatingError(Invoke-WebRequest): "{"message":"Cannot GET /docs","error":"Not Found","statusCode":404}"
PS>TerminatingError(Invoke-WebRequest): "{"message":"Cannot GET /docs","error":"Not Found","statusCode":404}"
PS>TerminatingError(Invoke-WebRequest): "{"message":"Cannot GET /docs","error":"Not Found","statusCode":404}"
PS>TerminatingError(Invoke-WebRequest): "{"message":"Cannot GET /docs","error":"Not Found","statusCode":404}"
PS>TerminatingError(Invoke-WebRequest): "{"message":"Cannot GET /docs","error":"Not Found","statusCode":404}"
PS>TerminatingError(Invoke-WebRequest): "{"message":"Cannot GET /docs","error":"Not Found","statusCode":404}"
PS>TerminatingError(Invoke-WebRequest): "{"message":"Cannot GET /docs","error":"Not Found","statusCode":404}"
PS>TerminatingError(Invoke-WebRequest): "{"message":"Cannot GET /docs","error":"Not Found","statusCode":404}"
PS>TerminatingError(Invoke-WebRequest): "{"message":"Cannot GET /docs","error":"Not Found","statusCode":404}"
PS>TerminatingError(Invoke-WebRequest): "{"message":"Cannot GET /docs","error":"Not Found","statusCode":404}"
PS>TerminatingError(Invoke-WebRequest): "{"message":"Cannot GET /docs","error":"Not Found","statusCode":404}"
PS>TerminatingError(Invoke-WebRequest): "{"message":"Cannot GET /docs","error":"Not Found","statusCode":404}"
PS>TerminatingError(Invoke-WebRequest): "{"message":"Cannot GET /docs","error":"Not Found","statusCode":404}"
PS>TerminatingError(Invoke-WebRequest): "{"message":"Cannot GET /docs","error":"Not Found","statusCode":404}"
PS>TerminatingError(Invoke-WebRequest): "{"message":"Cannot GET /docs","error":"Not Found","statusCode":404}"
PS>TerminatingError(Invoke-WebRequest): "{"message":"Cannot GET /docs","error":"Not Found","statusCode":404}"
PS>TerminatingError(Invoke-WebRequest): "{"message":"Cannot GET /docs","error":"Not Found","statusCode":404}"
PS>TerminatingError(Invoke-WebRequest): "{"message":"Cannot GET /docs","error":"Not Found","statusCode":404}"
PS>TerminatingError(Invoke-WebRequest): "{"message":"Cannot GET /docs","error":"Not Found","statusCode":404}"
PS>TerminatingError(Invoke-WebRequest): "{"message":"Cannot GET /docs","error":"Not Found","statusCode":404}"
PS>TerminatingError(Invoke-WebRequest): "{"message":"Cannot GET /docs","error":"Not Found","statusCode":404}"
PS>TerminatingError(Invoke-WebRequest): "{"message":"Cannot GET /docs","error":"Not Found","statusCode":404}"
PS>TerminatingError(Invoke-WebRequest): "{"message":"Cannot GET /docs","error":"Not Found","statusCode":404}"
PS>TerminatingError(Invoke-WebRequest): "{"message":"Cannot GET /docs","error":"Not Found","statusCode":404}"
PS>TerminatingError(Invoke-WebRequest): "{"message":"Cannot GET /docs","error":"Not Found","statusCode":404}"
PS>TerminatingError(Invoke-WebRequest): "{"message":"Cannot GET /docs","error":"Not Found","statusCode":404}"
PS>TerminatingError(Invoke-WebRequest): "{"message":"Cannot GET /docs","error":"Not Found","statusCode":404}"
PS>TerminatingError(Invoke-WebRequest): "{"message":"Cannot GET /docs","error":"Not Found","statusCode":404}"
PS>TerminatingError(Invoke-WebRequest): "{"message":"Cannot GET /docs","error":"Not Found","statusCode":404}"
PS>TerminatingError(Invoke-WebRequest): "{"message":"Cannot GET /docs","error":"Not Found","statusCode":404}"
PS>TerminatingError(Invoke-WebRequest): "{"message":"Cannot GET /docs","error":"Not Found","statusCode":404}"
PS>TerminatingError(Invoke-WebRequest): "{"message":"Cannot GET /docs","error":"Not Found","statusCode":404}"
PS>TerminatingError(Invoke-WebRequest): "{"message":"Cannot GET /docs","error":"Not Found","statusCode":404}"
PS>TerminatingError(Invoke-WebRequest): "{"message":"Cannot GET /docs","error":"Not Found","statusCode":404}"
PS>TerminatingError(Invoke-WebRequest): "{"message":"Cannot GET /docs","error":"Not Found","statusCode":404}"
PS>TerminatingError(Invoke-WebRequest): "{"message":"Cannot GET /docs","error":"Not Found","statusCode":404}"
PS>TerminatingError(Invoke-WebRequest): "{"message":"Cannot GET /docs","error":"Not Found","statusCode":404}"
PS>TerminatingError(Invoke-WebRequest): "{"message":"Cannot GET /docs","error":"Not Found","statusCode":404}"
PS>TerminatingError(Invoke-WebRequest): "{"message":"Cannot GET /docs","error":"Not Found","statusCode":404}"
PS>TerminatingError(Invoke-WebRequest): "{"message":"Cannot GET /docs","error":"Not Found","statusCode":404}"
PS>TerminatingError(Invoke-WebRequest): "{"message":"Cannot GET /docs","error":"Not Found","statusCode":404}"
PS>TerminatingError(Invoke-WebRequest): "{"message":"Cannot GET /docs","error":"Not Found","statusCode":404}"
PS>TerminatingError(Invoke-WebRequest): "{"message":"Cannot GET /docs","error":"Not Found","statusCode":404}"
PS>TerminatingError(Invoke-WebRequest): "{"message":"Cannot GET /docs","error":"Not Found","statusCode":404}"
PS>TerminatingError(Invoke-WebRequest): "{"message":"Cannot GET /docs","error":"Not Found","statusCode":404}"
PS>TerminatingError(Invoke-WebRequest): "{"message":"Cannot GET /docs","error":"Not Found","statusCode":404}"
PS>TerminatingError(Invoke-WebRequest): "{"message":"Cannot GET /docs","error":"Not Found","statusCode":404}"
PS>TerminatingError(Invoke-WebRequest): "{"message":"Cannot GET /docs","error":"Not Found","statusCode":404}"
PS>TerminatingError(Invoke-WebRequest): "{"message":"Cannot GET /docs","error":"Not Found","statusCode":404}"
PS>TerminatingError(Invoke-WebRequest): "{"message":"Cannot GET /docs","error":"Not Found","statusCode":404}"
PS>TerminatingError(Invoke-WebRequest): "{"message":"Cannot GET /docs","error":"Not Found","statusCode":404}"
PS>TerminatingError(Invoke-WebRequest): "{"message":"Cannot GET /docs","error":"Not Found","statusCode":404}"
PS>TerminatingError(Invoke-WebRequest): "{"message":"Cannot GET /docs","error":"Not Found","statusCode":404}"
PS>TerminatingError(Invoke-WebRequest): "{"message":"Cannot GET /docs","error":"Not Found","statusCode":404}"
PS>TerminatingError(Invoke-WebRequest): "{"message":"Cannot GET /docs","error":"Not Found","statusCode":404}"
PS>TerminatingError(Invoke-WebRequest): "{"message":"Cannot GET /docs","error":"Not Found","statusCode":404}"
PS>TerminatingError(Invoke-WebRequest): "{"message":"Cannot GET /docs","error":"Not Found","statusCode":404}"
PS>TerminatingError(Invoke-WebRequest): "{"message":"Cannot GET /docs","error":"Not Found","statusCode":404}"
PS>TerminatingError(Invoke-WebRequest): "{"message":"Cannot GET /docs","error":"Not Found","statusCode":404}"
PS>TerminatingError(Invoke-WebRequest): "{"message":"Cannot GET /docs","error":"Not Found","statusCode":404}"
PS>TerminatingError(Invoke-WebRequest): "{"message":"Cannot GET /docs","error":"Not Found","statusCode":404}"
PS>TerminatingError(Invoke-WebRequest): "{"message":"Cannot GET /docs","error":"Not Found","statusCode":404}"
PS>TerminatingError(Invoke-WebRequest): "{"message":"Cannot GET /docs","error":"Not Found","statusCode":404}"
PS>TerminatingError(Invoke-WebRequest): "{"message":"Cannot GET /docs","error":"Not Found","statusCode":404}"
PS>TerminatingError(Invoke-WebRequest): "{"message":"Cannot GET /docs","error":"Not Found","statusCode":404}"
PS>TerminatingError(Invoke-WebRequest): "{"message":"Cannot GET /docs","error":"Not Found","statusCode":404}"
PS>TerminatingError(Invoke-WebRequest): "{"message":"Cannot GET /docs","error":"Not Found","statusCode":404}"
PS>TerminatingError(Invoke-WebRequest): "{"message":"Cannot GET /docs","error":"Not Found","statusCode":404}"
PS>TerminatingError(Invoke-WebRequest): "{"message":"Cannot GET /docs","error":"Not Found","statusCode":404}"
PS>TerminatingError(Invoke-WebRequest): "{"message":"Cannot GET /docs","error":"Not Found","statusCode":404}"
PS>TerminatingError(Invoke-WebRequest): "{"message":"Cannot GET /docs","error":"Not Found","statusCode":404}"
PS>TerminatingError(Invoke-WebRequest): "{"message":"Cannot GET /docs","error":"Not Found","statusCode":404}"
PS>TerminatingError(Invoke-WebRequest): "{"message":"Cannot GET /docs","error":"Not Found","statusCode":404}"
PS>TerminatingError(Invoke-WebRequest): "{"message":"Cannot GET /docs","error":"Not Found","statusCode":404}"
PS>TerminatingError(Invoke-WebRequest): "{"message":"Cannot GET /docs","error":"Not Found","statusCode":404}"
PS>TerminatingError(Invoke-WebRequest): "{"message":"Cannot GET /docs","error":"Not Found","statusCode":404}"
PS>TerminatingError(Invoke-WebRequest): "{"message":"Cannot GET /docs","error":"Not Found","statusCode":404}"
PS>TerminatingError(Invoke-WebRequest): "{"message":"Cannot GET /docs","error":"Not Found","statusCode":404}"
PS>TerminatingError(Invoke-WebRequest): "{"message":"Cannot GET /docs","error":"Not Found","statusCode":404}"
PS>TerminatingError(Invoke-WebRequest): "{"message":"Cannot GET /docs","error":"Not Found","statusCode":404}"
PS>TerminatingError(Invoke-WebRequest): "{"message":"Cannot GET /docs","error":"Not Found","statusCode":404}"
PS>TerminatingError(Invoke-WebRequest): "{"message":"Cannot GET /docs","error":"Not Found","statusCode":404}"
PS>TerminatingError(Invoke-WebRequest): "{"message":"Cannot GET /docs","error":"Not Found","statusCode":404}"
PS>TerminatingError(Invoke-WebRequest): "{"message":"Cannot GET /docs","error":"Not Found","statusCode":404}"
PS>TerminatingError(Invoke-WebRequest): "{"message":"Cannot GET /docs","error":"Not Found","statusCode":404}"
PS>TerminatingError(Invoke-WebRequest): "{"message":"Cannot GET /docs","error":"Not Found","statusCode":404}"
PS>TerminatingError(Invoke-WebRequest): "{"message":"Cannot GET /docs","error":"Not Found","statusCode":404}"
PS>TerminatingError(Invoke-WebRequest): "{"message":"Cannot GET /docs","error":"Not Found","statusCode":404}"
PS>TerminatingError(Invoke-WebRequest): "{"message":"Cannot GET /docs","error":"Not Found","statusCode":404}"
PS>TerminatingError(Invoke-WebRequest): "{"message":"Cannot GET /docs","error":"Not Found","statusCode":404}"
PS>TerminatingError(Invoke-WebRequest): "{"message":"Cannot GET /docs","error":"Not Found","statusCode":404}"
PS>TerminatingError(Invoke-WebRequest): "{"message":"Cannot GET /docs","error":"Not Found","statusCode":404}"
PS>TerminatingError(Invoke-WebRequest): "{"message":"Cannot GET /docs","error":"Not Found","statusCode":404}"
PS>TerminatingError(Invoke-WebRequest): "{"message":"Cannot GET /docs","error":"Not Found","statusCode":404}"
PS>TerminatingError(Invoke-WebRequest): "{"message":"Cannot GET /docs","error":"Not Found","statusCode":404}"
PS>TerminatingError(Invoke-WebRequest): "{"message":"Cannot GET /docs","error":"Not Found","statusCode":404}"
PS>TerminatingError(Invoke-WebRequest): "{"message":"Cannot GET /docs","error":"Not Found","statusCode":404}"
PS>TerminatingError(Invoke-WebRequest): "{"message":"Cannot GET /docs","error":"Not Found","statusCode":404}"
PS>TerminatingError(Invoke-WebRequest): "{"message":"Cannot GET /docs","error":"Not Found","statusCode":404}"
PS>TerminatingError(Invoke-WebRequest): "{"message":"Cannot GET /docs","error":"Not Found","statusCode":404}"
PS>TerminatingError(Invoke-WebRequest): "{"message":"Cannot GET /docs","error":"Not Found","statusCode":404}"
PS>TerminatingError(Invoke-WebRequest): "{"message":"Cannot GET /docs","error":"Not Found","statusCode":404}"
PS>TerminatingError(Invoke-WebRequest): "{"message":"Cannot GET /docs","error":"Not Found","statusCode":404}"
PS>TerminatingError(Invoke-WebRequest): "{"message":"Cannot GET /docs","error":"Not Found","statusCode":404}"
PS>TerminatingError(Invoke-WebRequest): "{"message":"Cannot GET /docs","error":"Not Found","statusCode":404}"
PS>TerminatingError(Invoke-WebRequest): "{"message":"Cannot GET /docs","error":"Not Found","statusCode":404}"
PS>TerminatingError(Invoke-WebRequest): "{"message":"Cannot GET /docs","error":"Not Found","statusCode":404}"
PS>TerminatingError(Invoke-WebRequest): "{"message":"Cannot GET /docs","error":"Not Found","statusCode":404}"
PS>TerminatingError(Invoke-WebRequest): "{"message":"Cannot GET /docs","error":"Not Found","statusCode":404}"
PS>TerminatingError(Invoke-WebRequest): "{"message":"Cannot GET /docs","error":"Not Found","statusCode":404}"
PS>TerminatingError(Invoke-WebRequest): "{"message":"Cannot GET /docs","error":"Not Found","statusCode":404}"
PS>TerminatingError(Invoke-WebRequest): "{"message":"Cannot GET /docs","error":"Not Found","statusCode":404}"
PS>TerminatingError(Invoke-WebRequest): "{"message":"Cannot GET /docs","error":"Not Found","statusCode":404}"
PS>TerminatingError(Invoke-WebRequest): "{"message":"Cannot GET /docs","error":"Not Found","statusCode":404}"
PS>TerminatingError(Invoke-WebRequest): "{"message":"Cannot GET /docs","error":"Not Found","statusCode":404}"
PS>TerminatingError(Invoke-WebRequest): "{"message":"Cannot GET /docs","error":"Not Found","statusCode":404}"
PS>TerminatingError(Invoke-WebRequest): "{"message":"Cannot GET /docs","error":"Not Found","statusCode":404}"
PS>TerminatingError(Invoke-WebRequest): "{"message":"Cannot GET /docs","error":"Not Found","statusCode":404}"
PS>TerminatingError(Invoke-WebRequest): "{"message":"Cannot GET /docs","error":"Not Found","statusCode":404}"
PS>TerminatingError(Invoke-WebRequest): "{"message":"Cannot GET /docs","error":"Not Found","statusCode":404}"
PS>TerminatingError(Invoke-WebRequest): "{"message":"Cannot GET /docs","error":"Not Found","statusCode":404}"
PS>TerminatingError(Invoke-WebRequest): "{"message":"Cannot GET /docs","error":"Not Found","statusCode":404}"
PS>TerminatingError(Invoke-WebRequest): "{"message":"Cannot GET /docs","error":"Not Found","statusCode":404}"
PS>TerminatingError(Invoke-WebRequest): "{"message":"Cannot GET /docs","error":"Not Found","statusCode":404}"
PS>TerminatingError(Invoke-WebRequest): "{"message":"Cannot GET /docs","error":"Not Found","statusCode":404}"
PS>TerminatingError(Invoke-WebRequest): "{"message":"Cannot GET /docs","error":"Not Found","statusCode":404}"
PS>TerminatingError(Invoke-WebRequest): "{"message":"Cannot GET /docs","error":"Not Found","statusCode":404}"
PS>TerminatingError(Invoke-WebRequest): "{"message":"Cannot GET /docs","error":"Not Found","statusCode":404}"
PS>TerminatingError(Invoke-WebRequest): "{"message":"Cannot GET /docs","error":"Not Found","statusCode":404}"
PS>TerminatingError(Invoke-WebRequest): "{"message":"Cannot GET /docs","error":"Not Found","statusCode":404}"
PS>TerminatingError(Invoke-WebRequest): "{"message":"Cannot GET /docs","error":"Not Found","statusCode":404}"
PS>TerminatingError(Invoke-WebRequest): "{"message":"Cannot GET /docs","error":"Not Found","statusCode":404}"
PS>TerminatingError(Invoke-WebRequest): "{"message":"Cannot GET /docs","error":"Not Found","statusCode":404}"
PS>TerminatingError(Invoke-WebRequest): "{"message":"Cannot GET /docs","error":"Not Found","statusCode":404}"
PS>TerminatingError(Invoke-WebRequest): "{"message":"Cannot GET /docs","error":"Not Found","statusCode":404}"
PS>TerminatingError(Invoke-WebRequest): "{"message":"Cannot GET /docs","error":"Not Found","statusCode":404}"
PS>TerminatingError(Invoke-WebRequest): "{"message":"Cannot GET /docs","error":"Not Found","statusCode":404}"
PS>TerminatingError(Invoke-WebRequest): "{"message":"Cannot GET /docs","error":"Not Found","statusCode":404}"
PS>TerminatingError(Invoke-WebRequest): "{"message":"Cannot GET /docs","error":"Not Found","statusCode":404}"
PS>TerminatingError(Invoke-WebRequest): "{"message":"Cannot GET /docs","error":"Not Found","statusCode":404}"
PS>TerminatingError(Invoke-WebRequest): "{"message":"Cannot GET /docs","error":"Not Found","statusCode":404}"
PS>TerminatingError(Invoke-WebRequest): "{"message":"Cannot GET /docs","error":"Not Found","statusCode":404}"
PS>TerminatingError(Invoke-WebRequest): "{"message":"Cannot GET /docs","error":"Not Found","statusCode":404}"
PS>TerminatingError(Invoke-WebRequest): "{"message":"Cannot GET /docs","error":"Not Found","statusCode":404}"
PS>TerminatingError(Invoke-WebRequest): "{"message":"Cannot GET /docs","error":"Not Found","statusCode":404}"
PS>TerminatingError(Invoke-WebRequest): "{"message":"Cannot GET /docs","error":"Not Found","statusCode":404}"
PS>TerminatingError(Invoke-WebRequest): "{"message":"Cannot GET /docs","error":"Not Found","statusCode":404}"
PS>TerminatingError(Invoke-WebRequest): "{"message":"Cannot GET /docs","error":"Not Found","statusCode":404}"
PS>TerminatingError(Invoke-WebRequest): "{"message":"Cannot GET /docs","error":"Not Found","statusCode":404}"
PS>TerminatingError(Invoke-WebRequest): "{"message":"Cannot GET /docs","error":"Not Found","statusCode":404}"
PS>TerminatingError(Invoke-WebRequest): "{"message":"Cannot GET /docs","error":"Not Found","statusCode":404}"
PS>TerminatingError(Invoke-WebRequest): "{"message":"Cannot GET /docs","error":"Not Found","statusCode":404}"
PS>TerminatingError(Invoke-WebRequest): "{"message":"Cannot GET /docs","error":"Not Found","statusCode":404}"
PS>TerminatingError(Invoke-WebRequest): "{"message":"Cannot GET /docs","error":"Not Found","statusCode":404}"
PS>TerminatingError(Invoke-WebRequest): "{"message":"Cannot GET /docs","error":"Not Found","statusCode":404}"
PS>TerminatingError(Invoke-WebRequest): "{"message":"Cannot GET /docs","error":"Not Found","statusCode":404}"
PS>TerminatingError(Invoke-WebRequest): "{"message":"Cannot GET /docs","error":"Not Found","statusCode":404}"
PS>TerminatingError(Invoke-WebRequest): "{"message":"Cannot GET /docs","error":"Not Found","statusCode":404}"
[17:57:21] âš ï¸ Backend did not start after waiting. Restarting once...
[17:57:21] ðŸ§  Monitoring PostgreSQL and Redis for crashes...
[17:57:24] âš ï¸ Redis stopped. Restarting in WSL...

