**********************
Windows PowerShell transcript start
Start time: 20251101182644
Username: ALIENWARE\OMEN
RunAs User: ALIENWARE\OMEN
Configuration Name: 
Machine: ALIENWARE (Microsoft Windows NT 10.0.26200.0)
Host Application: C:\WINDOWS\System32\WindowsPowerShell\v1.0\powershell.exe -ExecutionPolicy Bypass -File .\auto-heal.ps1
Process ID: 17948
PSVersion: 5.1.26100.6899
PSEdition: Desktop
PSCompatibleVersions: 1.0, 2.0, 3.0, 4.0, 5.0, 5.1.26100.6899
BuildVersion: 10.0.26100.6899
CLRVersion: 4.0.30319.42000
WSManStackVersion: 3.0
PSRemotingProtocolVersion: 2.3
SerializationVersion: 1.1.0.1
**********************
[18:26:45] PostgreSQL reachable at 127.0.0.1 (Windows instance)
[18:26:45] Configured .pgpass for passwordless PostgreSQL access.
[18:26:45] Updated .env DATABASE_URL to 127.0.0.1
[18:26:45] PostgreSQL running.
[18:26:45] Redis running at redis://192.168.56.251:6379
[18:26:53] Database med_delivery already exists.
[18:26:53] Checking Prisma client integrity...
[18:26:55] Prisma client ready.
[18:26:55] Starting NestJS backend...
[18:26:55] Waiting for backend on port 3001...
PS>TerminatingError(Invoke-WebRequest): "{"message":"Cannot GET /docs","error":"Not Found","statusCode":404}"
PS>TerminatingError(Invoke-WebRequest): "{"message":"Cannot GET /docs","error":"Not Found","statusCode":404}"
PS>TerminatingError(Invoke-WebRequest): "{"message":"Cannot GET /docs","error":"Not Found","statusCode":404}"
PS>TerminatingError(Invoke-WebRequest): "{"message":"Cannot GET /docs","error":"Not Found","statusCode":404}"
PS>TerminatingError(Invoke-WebRequest): "{"message":"Cannot GET /docs","error":"Not Found","statusCode":404}"
PS>TerminatingError(Invoke-WebRequest): "{"message":"Cannot GET /docs","error":"Not Found","statusCode":404}"
PS>TerminatingError(Invoke-WebRequest): "{"message":"Cannot GET /docs","error":"Not Found","statusCode":404}"
PS>TerminatingError(Invoke-WebRequest): "{"message":"Cannot GET /docs","error":"Not Found","statusCode":404}"
PS>TerminatingError(Invoke-WebRequest): "{"message":"Cannot GET /docs","error":"Not Found","statusCode":404}"
PS>TerminatingError(Invoke-WebRequest): "{"message":"Cannot GET /docs","error":"Not Found","statusCode":404}"
PS>TerminatingError(Invoke-WebRequest): "{"message":"Cannot GET /docs","error":"Not Found","statusCode":404}"
PS>TerminatingError(Invoke-WebRequest): "{"message":"Cannot GET /docs","error":"Not Found","statusCode":404}"
PS>TerminatingError(Invoke-WebRequest): "{"message":"Cannot GET /docs","error":"Not Found","statusCode":404}"
PS>TerminatingError(Invoke-WebRequest): "{"message":"Cannot GET /docs","error":"Not Found","statusCode":404}"
PS>TerminatingError(Invoke-WebRequest): "{"message":"Cannot GET /docs","error":"Not Found","statusCode":404}"
PS>TerminatingError(Invoke-WebRequest): "{"message":"Cannot GET /docs","error":"Not Found","statusCode":404}"
PS>TerminatingError(Invoke-WebRequest): "{"message":"Cannot GET /docs","error":"Not Found","statusCode":404}"
PS>TerminatingError(Invoke-WebRequest): "{"message":"Cannot GET /docs","error":"Not Found","statusCode":404}"
PS>TerminatingError(Invoke-WebRequest): "{"message":"Cannot GET /docs","error":"Not Found","statusCode":404}"
PS>TerminatingError(Invoke-WebRequest): "{"message":"Cannot GET /docs","error":"Not Found","statusCode":404}"
PS>TerminatingError(Invoke-WebRequest): "{"message":"Cannot GET /docs","error":"Not Found","statusCode":404}"
PS>TerminatingError(Invoke-WebRequest): "{"message":"Cannot GET /docs","error":"Not Found","statusCode":404}"
PS>TerminatingError(Invoke-WebRequest): "{"message":"Cannot GET /docs","error":"Not Found","statusCode":404}"
PS>TerminatingError(Invoke-WebRequest): "{"message":"Cannot GET /docs","error":"Not Found","statusCode":404}"
PS>TerminatingError(Invoke-WebRequest): "{"message":"Cannot GET /docs","error":"Not Found","statusCode":404}"
PS>TerminatingError(Invoke-WebRequest): "{"message":"Cannot GET /docs","error":"Not Found","statusCode":404}"
PS>TerminatingError(Invoke-WebRequest): "{"message":"Cannot GET /docs","error":"Not Found","statusCode":404}"
PS>TerminatingError(Invoke-WebRequest): "{"message":"Cannot GET /docs","error":"Not Found","statusCode":404}"
PS>TerminatingError(Invoke-WebRequest): "{"message":"Cannot GET /docs","error":"Not Found","statusCode":404}"
PS>TerminatingError(Invoke-WebRequest): "{"message":"Cannot GET /docs","error":"Not Found","statusCode":404}"
PS>TerminatingError(Invoke-WebRequest): "{"message":"Cannot GET /docs","error":"Not Found","statusCode":404}"
PS>TerminatingError(Invoke-WebRequest): "{"message":"Cannot GET /docs","error":"Not Found","statusCode":404}"
PS>TerminatingError(Invoke-WebRequest): "{"message":"Cannot GET /docs","error":"Not Found","statusCode":404}"
PS>TerminatingError(Invoke-WebRequest): "{"message":"Cannot GET /docs","error":"Not Found","statusCode":404}"
PS>TerminatingError(Invoke-WebRequest): "{"message":"Cannot GET /docs","error":"Not Found","statusCode":404}"
PS>TerminatingError(Invoke-WebRequest): "{"message":"Cannot GET /docs","error":"Not Found","statusCode":404}"
PS>TerminatingError(Invoke-WebRequest): "{"message":"Cannot GET /docs","error":"Not Found","statusCode":404}"
PS>TerminatingError(Invoke-WebRequest): "{"message":"Cannot GET /docs","error":"Not Found","statusCode":404}"
PS>TerminatingError(Invoke-WebRequest): "{"message":"Cannot GET /docs","error":"Not Found","statusCode":404}"
PS>TerminatingError(Invoke-WebRequest): "{"message":"Cannot GET /docs","error":"Not Found","statusCode":404}"
PS>TerminatingError(Invoke-WebRequest): "{"message":"Cannot GET /docs","error":"Not Found","statusCode":404}"
PS>TerminatingError(Invoke-WebRequest): "{"message":"Cannot GET /docs","error":"Not Found","statusCode":404}"
PS>TerminatingError(Invoke-WebRequest): "{"message":"Cannot GET /docs","error":"Not Found","statusCode":404}"
PS>TerminatingError(Invoke-WebRequest): "{"message":"Cannot GET /docs","error":"Not Found","statusCode":404}"
PS>TerminatingError(Invoke-WebRequest): "{"message":"Cannot GET /docs","error":"Not Found","statusCode":404}"
PS>TerminatingError(Invoke-WebRequest): "{"message":"Cannot GET /docs","error":"Not Found","statusCode":404}"
PS>TerminatingError(Invoke-WebRequest): "{"message":"Cannot GET /docs","error":"Not Found","statusCode":404}"
PS>TerminatingError(Invoke-WebRequest): "{"message":"Cannot GET /docs","error":"Not Found","statusCode":404}"
PS>TerminatingError(Invoke-WebRequest): "{"message":"Cannot GET /docs","error":"Not Found","statusCode":404}"
PS>TerminatingError(Invoke-WebRequest): "{"message":"Cannot GET /docs","error":"Not Found","statusCode":404}"
PS>TerminatingError(Invoke-WebRequest): "{"message":"Cannot GET /docs","error":"Not Found","statusCode":404}"
PS>TerminatingError(Invoke-WebRequest): "{"message":"Cannot GET /docs","error":"Not Found","statusCode":404}"
PS>TerminatingError(Invoke-WebRequest): "{"message":"Cannot GET /docs","error":"Not Found","statusCode":404}"
PS>TerminatingError(Invoke-WebRequest): "{"message":"Cannot GET /docs","error":"Not Found","statusCode":404}"
PS>TerminatingError(Invoke-WebRequest): "{"message":"Cannot GET /docs","error":"Not Found","statusCode":404}"
PS>TerminatingError(Invoke-WebRequest): "{"message":"Cannot GET /docs","error":"Not Found","statusCode":404}"
PS>TerminatingError(Invoke-WebRequest): "{"message":"Cannot GET /docs","error":"Not Found","statusCode":404}"
PS>TerminatingError(Invoke-WebRequest): "{"message":"Cannot GET /docs","error":"Not Found","statusCode":404}"
PS>TerminatingError(Invoke-WebRequest): "{"message":"Cannot GET /docs","error":"Not Found","statusCode":404}"
PS>TerminatingError(Invoke-WebRequest): "{"message":"Cannot GET /docs","error":"Not Found","statusCode":404}"
PS>TerminatingError(Invoke-WebRequest): "{"message":"Cannot GET /docs","error":"Not Found","statusCode":404}"
PS>TerminatingError(Invoke-WebRequest): "{"message":"Cannot GET /docs","error":"Not Found","statusCode":404}"
PS>TerminatingError(Invoke-WebRequest): "{"message":"Cannot GET /docs","error":"Not Found","statusCode":404}"
PS>TerminatingError(Invoke-WebRequest): "{"message":"Cannot GET /docs","error":"Not Found","statusCode":404}"
PS>TerminatingError(Invoke-WebRequest): "{"message":"Cannot GET /docs","error":"Not Found","statusCode":404}"
PS>TerminatingError(Invoke-WebRequest): "{"message":"Cannot GET /docs","error":"Not Found","statusCode":404}"
PS>TerminatingError(Invoke-WebRequest): "{"message":"Cannot GET /docs","error":"Not Found","statusCode":404}"
PS>TerminatingError(Invoke-WebRequest): "{"message":"Cannot GET /docs","error":"Not Found","statusCode":404}"
PS>TerminatingError(Invoke-WebRequest): "{"message":"Cannot GET /docs","error":"Not Found","statusCode":404}"
PS>TerminatingError(Invoke-WebRequest): "{"message":"Cannot GET /docs","error":"Not Found","statusCode":404}"
PS>TerminatingError(Invoke-WebRequest): "{"message":"Cannot GET /docs","error":"Not Found","statusCode":404}"
PS>TerminatingError(Invoke-WebRequest): "{"message":"Cannot GET /docs","error":"Not Found","statusCode":404}"
PS>TerminatingError(Invoke-WebRequest): "{"message":"Cannot GET /docs","error":"Not Found","statusCode":404}"
PS>TerminatingError(Invoke-WebRequest): "{"message":"Cannot GET /docs","error":"Not Found","statusCode":404}"
PS>TerminatingError(Invoke-WebRequest): "{"message":"Cannot GET /docs","error":"Not Found","statusCode":404}"
PS>TerminatingError(Invoke-WebRequest): "{"message":"Cannot GET /docs","error":"Not Found","statusCode":404}"
PS>TerminatingError(Invoke-WebRequest): "{"message":"Cannot GET /docs","error":"Not Found","statusCode":404}"
PS>TerminatingError(Invoke-WebRequest): "{"message":"Cannot GET /docs","error":"Not Found","statusCode":404}"
PS>TerminatingError(Invoke-WebRequest): "{"message":"Cannot GET /docs","error":"Not Found","statusCode":404}"
PS>TerminatingError(Invoke-WebRequest): "{"message":"Cannot GET /docs","error":"Not Found","statusCode":404}"
PS>TerminatingError(Invoke-WebRequest): "{"message":"Cannot GET /docs","error":"Not Found","statusCode":404}"
PS>TerminatingError(Invoke-WebRequest): "{"message":"Cannot GET /docs","error":"Not Found","statusCode":404}"
PS>TerminatingError(Invoke-WebRequest): "{"message":"Cannot GET /docs","error":"Not Found","statusCode":404}"
PS>TerminatingError(Invoke-WebRequest): "{"message":"Cannot GET /docs","error":"Not Found","statusCode":404}"
PS>TerminatingError(Invoke-WebRequest): "{"message":"Cannot GET /docs","error":"Not Found","statusCode":404}"
PS>TerminatingError(Invoke-WebRequest): "{"message":"Cannot GET /docs","error":"Not Found","statusCode":404}"
PS>TerminatingError(Invoke-WebRequest): "{"message":"Cannot GET /docs","error":"Not Found","statusCode":404}"
PS>TerminatingError(Invoke-WebRequest): "{"message":"Cannot GET /docs","error":"Not Found","statusCode":404}"
PS>TerminatingError(Invoke-WebRequest): "{"message":"Cannot GET /docs","error":"Not Found","statusCode":404}"
PS>TerminatingError(Invoke-WebRequest): "{"message":"Cannot GET /docs","error":"Not Found","statusCode":404}"
PS>TerminatingError(Invoke-WebRequest): "{"message":"Cannot GET /docs","error":"Not Found","statusCode":404}"
PS>TerminatingError(Invoke-WebRequest): "{"message":"Cannot GET /docs","error":"Not Found","statusCode":404}"
PS>TerminatingError(Invoke-WebRequest): "{"message":"Cannot GET /docs","error":"Not Found","statusCode":404}"
PS>TerminatingError(Invoke-WebRequest): "{"message":"Cannot GET /docs","error":"Not Found","statusCode":404}"
PS>TerminatingError(Invoke-WebRequest): "{"message":"Cannot GET /docs","error":"Not Found","statusCode":404}"
PS>TerminatingError(Invoke-WebRequest): "{"message":"Cannot GET /docs","error":"Not Found","statusCode":404}"
PS>TerminatingError(Invoke-WebRequest): "{"message":"Cannot GET /docs","error":"Not Found","statusCode":404}"
PS>TerminatingError(Invoke-WebRequest): "The operation has timed out."
[18:30:14] Backend live at http://localhost:3001
[18:30:14] Monitoring PostgreSQL and Redis for crashes...
PS>TerminatingError(): "The pipeline has been stopped."
>> TerminatingError(): "The pipeline has been stopped."
>> $global:?
True
**********************
Windows PowerShell transcript end
End time: 20251101183026
**********************
